// Jest Snapshot v1, https://goo.gl/fbAQLP

exports[`Detail component Rendered Detail component 1`] = `
Object {
  "asFragment": [Function],
  "baseElement": <body>
    <div>
      <div>
        <h1
          class="fallback"
        >
          Loading...
        </h1>
        <div>
          <div>
            <button
              type="button"
            >
              <h3>
                Go Back
              </h3>
            </button>
          </div>
          <div>
            <div
              class="detail-container"
            >
              <div
                class="detail-title"
              >
                <img />
                <h2 />
              </div>
              <ul
                class="detail-info"
              >
                <li
                  class="detail-list"
                >
                  Name:
                   
                </li>
                <li
                  class="detail-list"
                >
                  Symbol:
                   
                </li>
                <li
                  class="detail-list"
                >
                  Rank:
                   
                </li>
                <li
                  class="detail-list"
                >
                  Price:
                   
                   
                  $
                </li>
                <li
                  class="detail-list"
                >
                  Price in BTC:
                   
                </li>
                <li
                  class="detail-list"
                >
                  Available Supply:
                   
                </li>
                <li
                  class="detail-list"
                >
                  Total Supply:
                   
                </li>
                <li
                  class="detail-list"
                >
                  Price Change in hour:
                   
                </li>
                <li
                  class="detail-list"
                >
                  Price Change in day:
                   
                </li>
                <li
                  class="detail-list"
                >
                  Price Change in week:
                   
                </li>
              </ul>
            </div>
          </div>
        </div>
      </div>
    </div>
  </body>,
  "container": <div>
    <div>
      <h1
        class="fallback"
      >
        Loading...
      </h1>
      <div>
        <div>
          <button
            type="button"
          >
            <h3>
              Go Back
            </h3>
          </button>
        </div>
        <div>
          <div
            class="detail-container"
          >
            <div
              class="detail-title"
            >
              <img />
              <h2 />
            </div>
            <ul
              class="detail-info"
            >
              <li
                class="detail-list"
              >
                Name:
                 
              </li>
              <li
                class="detail-list"
              >
                Symbol:
                 
              </li>
              <li
                class="detail-list"
              >
                Rank:
                 
              </li>
              <li
                class="detail-list"
              >
                Price:
                 
                 
                $
              </li>
              <li
                class="detail-list"
              >
                Price in BTC:
                 
              </li>
              <li
                class="detail-list"
              >
                Available Supply:
                 
              </li>
              <li
                class="detail-list"
              >
                Total Supply:
                 
              </li>
              <li
                class="detail-list"
              >
                Price Change in hour:
                 
              </li>
              <li
                class="detail-list"
              >
                Price Change in day:
                 
              </li>
              <li
                class="detail-list"
              >
                Price Change in week:
                 
              </li>
            </ul>
          </div>
        </div>
      </div>
    </div>
  </div>,
  "debug": [Function],
  "findAllByAltText": [Function],
  "findAllByDisplayValue": [Function],
  "findAllByLabelText": [Function],
  "findAllByPlaceholderText": [Function],
  "findAllByRole": [Function],
  "findAllByTestId": [Function],
  "findAllByText": [Function],
  "findAllByTitle": [Function],
  "findByAltText": [Function],
  "findByDisplayValue": [Function],
  "findByLabelText": [Function],
  "findByPlaceholderText": [Function],
  "findByRole": [Function],
  "findByTestId": [Function],
  "findByText": [Function],
  "findByTitle": [Function],
  "getAllByAltText": [Function],
  "getAllByDisplayValue": [Function],
  "getAllByLabelText": [Function],
  "getAllByPlaceholderText": [Function],
  "getAllByRole": [Function],
  "getAllByTestId": [Function],
  "getAllByText": [Function],
  "getAllByTitle": [Function],
  "getByAltText": [Function],
  "getByDisplayValue": [Function],
  "getByLabelText": [Function],
  "getByPlaceholderText": [Function],
  "getByRole": [Function],
  "getByTestId": [Function],
  "getByText": [Function],
  "getByTitle": [Function],
  "queryAllByAltText": [Function],
  "queryAllByDisplayValue": [Function],
  "queryAllByLabelText": [Function],
  "queryAllByPlaceholderText": [Function],
  "queryAllByRole": [Function],
  "queryAllByTestId": [Function],
  "queryAllByText": [Function],
  "queryAllByTitle": [Function],
  "queryByAltText": [Function],
  "queryByDisplayValue": [Function],
  "queryByLabelText": [Function],
  "queryByPlaceholderText": [Function],
  "queryByRole": [Function],
  "queryByTestId": [Function],
  "queryByText": [Function],
  "queryByTitle": [Function],
  "rerender": [Function],
  "unmount": [Function],
}
`;
